============================= test session starts =============================
platform win32 -- Python 3.14.0, pytest-9.0.2, pluggy-1.6.0 -- D:\EZTRACK\backend\venv\Scripts\python.exe
cachedir: .pytest_cache
rootdir: D:\EZTRACK\backend
plugins: anyio-4.12.1
collecting ... collected 0 items / 1 error

=================================== ERRORS ====================================
__________________ ERROR collecting tests/test_migration.py ___________________
ImportError while importing test module 'D:\EZTRACK\backend\tests\test_migration.py'.
Hint: make sure your test modules/packages have valid Python names.
Traceback:
C:\Python314\Lib\importlib\__init__.py:88: in import_module
    return _bootstrap._gcd_import(name[level:], package, level)
           ^^^^^^^^^^^^^^^^^^^^^^^^^^^^^^^^^^^^^^^^^^^^^^^^^^^^
tests\test_migration.py:2: in <module>
    from fastapi.testclient import TestClient
venv\Lib\site-packages\fastapi\__init__.py:7: in <module>
    from .applications import FastAPI as FastAPI
venv\Lib\site-packages\fastapi\applications.py:13: in <module>
    from fastapi import routing
venv\Lib\site-packages\fastapi\routing.py:24: in <module>
    from fastapi import params
venv\Lib\site-packages\fastapi\params.py:7: in <module>
    from fastapi.exceptions import FastAPIDeprecationWarning
venv\Lib\site-packages\fastapi\exceptions.py:5: in <module>
    from pydantic import BaseModel, create_model
venv\Lib\site-packages\pydantic\__init__.py:5: in <module>
    from ._migration import getattr_migration
venv\Lib\site-packages\pydantic\_migration.py:4: in <module>
    from pydantic.warnings import PydanticDeprecatedSince20
venv\Lib\site-packages\pydantic\warnings.py:5: in <module>
    from .version import version_short
venv\Lib\site-packages\pydantic\version.py:7: in <module>
    from pydantic_core import __version__ as __pydantic_core_version__
venv\Lib\site-packages\pydantic_core\__init__.py:8: in <module>
    from ._pydantic_core import (
E   ModuleNotFoundError: No module named 'pydantic_core._pydantic_core'
=========================== short test summary info ===========================
ERROR tests/test_migration.py
!!!!!!!!!!!!!!!!!!! Interrupted: 1 error during collection !!!!!!!!!!!!!!!!!!!!
============================== 1 error in 0.17s ===============================
